// Jest Snapshot v1, https://goo.gl/fbAQLP

exports[`renders the correct tree 1`] = `
<form
  onKeyDown={[Function]}
  onReset={[Function]}
  onSubmit={[Function]}
>
  <label
    className="root"
    htmlFor="3d4119ea-2379-42a6-b2e7-0d29c0745b7a"
  >
    <input
      checked={false}
      className="input"
      id="3d4119ea-2379-42a6-b2e7-0d29c0745b7a"
      name="a"
      onBlur={[Function]}
      onChange={[Function]}
      type="checkbox"
    />
    <span
      className="icon"
    >
      <svg
        fill="none"
        height="24"
        stroke="currentColor"
        strokeLinecap="round"
        strokeLinejoin="round"
        strokeWidth="2"
        viewBox="0 0 24 24"
        width="24"
        xmlns="http://www.w3.org/2000/svg"
      >
        <rect
          height="18"
          rx="2"
          ry="2"
          width="18"
          x="3"
          y="3"
        />
      </svg>
    </span>
    <span
      className="label"
    >
      b
    </span>
  </label>
  <p />
</form>
`;
